// Jest Snapshot v1, https://goo.gl/fbAQLP

exports[`Should render LoginPage correctly 1`] = `
<div
  className="box-layout"
>
  <div
    className="box-layout__box"
  >
    <h1
      className="box-layout__title"
    >
      Expensify App
    </h1>
    <p>
      The modern way to keep track of daily expenses
    </p>
    <button
      className="button"
    >
      Login With Google
    </button>
  </div>
</div>
`;
